13:39:07 **** Incremental Build of configuration Debug for project 0_led_blink ****
make -j4 all 
arm-none-eabi-gcc "../Src/main.c" -mcpu=cortex-m4 -std=gnu11 -g3 -DDEBUG -DSTM32 -DSTM32F415RGTx -DSTM32F4 -c -I../Inc -O0 -ffunction-sections -fdata-sections -Wall -fstack-usage -fcyclomatic-complexity -MMD -MP -MF"Src/main.d" -MT"Src/main.o" --specs=nano.specs -mfpu=fpv4-sp-d16 -mfloat-abi=hard -mthumb -o "Src/main.o"
arm-none-eabi-gcc -o "0_led_blink.elf" @"objects.list"   -mcpu=cortex-m4 -T"C:\Users\DELL\Desktop\stm32\stm32f4 bear metal\0_led_blink\STM32F415RGTX_FLASH.ld" --specs=nosys.specs -Wl,-Map="0_led_blink.map" -Wl,--gc-sections -static --specs=nano.specs -mfpu=fpv4-sp-d16 -mfloat-abi=hard -mthumb -Wl,--start-group -lc -lm -Wl,--end-group
Finished building target: 0_led_blink.elf
 
arm-none-eabi-size   0_led_blink.elf 
arm-none-eabi-objdump -h -S  0_led_blink.elf  > "0_led_blink.list"
   text	   data	    bss	    dec	    hex	filename
    764	      8	   1568	   2340	    924	0_led_blink.elf
Finished building: default.size.stdout
 
Finished building: 0_led_blink.list
 

13:39:07 Build Finished. 0 errors, 0 warnings. (took 553ms)

