13:37:21 **** Incremental Build of configuration Debug for project 1_led_blink_struct ****
make -j4 all 
arm-none-eabi-gcc "../Src/main.c" -mcpu=cortex-m4 -std=gnu11 -g3 -DDEBUG -DSTM32 -DSTM32F415RGTx -DSTM32F4 -c -I../Inc -O0 -ffunction-sections -fdata-sections -Wall -fstack-usage -fcyclomatic-complexity -MMD -MP -MF"Src/main.d" -MT"Src/main.o" --specs=nano.specs -mfpu=fpv4-sp-d16 -mfloat-abi=hard -mthumb -o "Src/main.o"
arm-none-eabi-gcc -o "1_led_blink_struct.elf" @"objects.list"   -mcpu=cortex-m4 -T"C:\Users\DELL\Desktop\stm32\stm32f4 bear metal\1_led_blink_struct\STM32F415RGTX_FLASH.ld" --specs=nosys.specs -Wl,-Map="1_led_blink_struct.map" -Wl,--gc-sections -static --specs=nano.specs -mfpu=fpv4-sp-d16 -mfloat-abi=hard -mthumb -Wl,--start-group -lc -lm -Wl,--end-group
Finished building target: 1_led_blink_struct.elf
 
arm-none-eabi-size   1_led_blink_struct.elf 
arm-none-eabi-objdump -h -S  1_led_blink_struct.elf  > "1_led_blink_struct.list"
   text	   data	    bss	    dec	    hex	filename
    760	      8	   1568	   2336	    920	1_led_blink_struct.elf
Finished building: default.size.stdout
 
Finished building: 1_led_blink_struct.list
 

13:37:21 Build Finished. 0 errors, 0 warnings. (took 530ms)

