14:17:53 **** Incremental Build of configuration Debug for project 3_GPIO_brr ****
make -j4 all 
arm-none-eabi-gcc "../Src/main.c" -mcpu=cortex-m4 -std=gnu11 -g3 -DDEBUG -DSTM32 -DSTM32F415RGTx -DSTM32F4 -DSTM32F415xx -c -I../Inc -I"C:/Users/DELL/Desktop/stm32/stm32f4 bear metal/Chip_headers/CMSIS/Include" -I"C:/Users/DELL/Desktop/stm32/stm32f4 bear metal/Chip_headers/CMSIS/Device/ST/STM32F4xx/Include" -O0 -ffunction-sections -fdata-sections -Wall -fstack-usage -fcyclomatic-complexity -MMD -MP -MF"Src/main.d" -MT"Src/main.o" --specs=nano.specs -mfpu=fpv4-sp-d16 -mfloat-abi=hard -mthumb -o "Src/main.o"
arm-none-eabi-gcc -o "3_GPIO_brr.elf" @"objects.list"   -mcpu=cortex-m4 -T"C:\Users\DELL\Desktop\stm32\stm32f4 bear metal\3_GPIO_brr\STM32F415RGTX_FLASH.ld" --specs=nosys.specs -Wl,-Map="3_GPIO_brr.map" -Wl,--gc-sections -static --specs=nano.specs -mfpu=fpv4-sp-d16 -mfloat-abi=hard -mthumb -Wl,--start-group -lc -lm -Wl,--end-group
Finished building target: 3_GPIO_brr.elf
 
arm-none-eabi-size   3_GPIO_brr.elf 
arm-none-eabi-objdump -h -S  3_GPIO_brr.elf  > "3_GPIO_brr.list"
   text	   data	    bss	    dec	    hex	filename
    788	      8	   1568	   2364	    93c	3_GPIO_brr.elf
Finished building: default.size.stdout
 
Finished building: 3_GPIO_brr.list
 

14:17:53 Build Finished. 0 errors, 0 warnings. (took 710ms)

