make -j4 all 
arm-none-eabi-size   ADC_DMA_DSP.elf 
   text	   data	    bss	    dec	    hex	filename
   1796	     32	   1592	   3420	    d5c	ADC_DMA_DSP.elf
Finished building: default.size.stdout
 

19:23:24 Build Finished. 0 errors, 0 warnings. (took 1s.451ms)

19:23:26 **** Incremental Build of configuration Debug for project ADC_DMA_DSP ****
make -j4 all 
arm-none-eabi-size   ADC_DMA_DSP.elf 
   text	   data	    bss	    dec	    hex	filename
   1796	     32	   1592	   3420	    d5c	ADC_DMA_DSP.elf
Finished building: default.size.stdout
 
13:10:33 **** Incremental Build of configuration Debug for project ADC_DMA_DSP ****
make -j4 all 
arm-none-eabi-gcc "../Src/adc.c" -mcpu=cortex-m4 -std=gnu11 -g3 -DDEBUG -DSTM32 -DSTM32F415RGTx -DSTM32F4 -DSTM32F415xx -c -I../Inc -I"C:/Users/DELL/Desktop/stm32/stm32f4 bear metal/Chip_headers/CMSIS/Include" -I"C:/Users/DELL/Desktop/stm32/stm32f4 bear metal/Chip_headers/CMSIS/Device/ST/STM32F4xx/Include" -O0 -ffunction-sections -fdata-sections -Wall -fstack-usage -fcyclomatic-complexity -MMD -MP -MF"Src/adc.d" -MT"Src/adc.o" --specs=nano.specs -mfpu=fpv4-sp-d16 -mfloat-abi=hard -mthumb -o "Src/adc.o"
arm-none-eabi-gcc "../Src/main.c" -mcpu=cortex-m4 -std=gnu11 -g3 -DDEBUG -DSTM32 -DSTM32F415RGTx -DSTM32F4 -DSTM32F415xx -c -I../Inc -I"C:/Users/DELL/Desktop/stm32/stm32f4 bear metal/Chip_headers/CMSIS/Include" -I"C:/Users/DELL/Desktop/stm32/stm32f4 bear metal/Chip_headers/CMSIS/Device/ST/STM32F4xx/Include" -O0 -ffunction-sections -fdata-sections -Wall -fstack-usage -fcyclomatic-complexity -MMD -MP -MF"Src/main.d" -MT"Src/main.o" --specs=nano.specs -mfpu=fpv4-sp-d16 -mfloat-abi=hard -mthumb -o "Src/main.o"
arm-none-eabi-gcc -o "ADC_DMA_DSP.elf" @"objects.list"   -mcpu=cortex-m4 -T"C:\Users\DELL\Desktop\stm32\stm32f4 bear metal\ADC_DMA_DSP\STM32F415RGTX_FLASH.ld" --specs=nosys.specs -Wl,-Map="ADC_DMA_DSP.map" -Wl,--gc-sections -static --specs=nano.specs -mfpu=fpv4-sp-d16 -mfloat-abi=hard -mthumb -Wl,--start-group -lc -lm -Wl,--end-group
Finished building target: ADC_DMA_DSP.elf
 
arm-none-eabi-size   ADC_DMA_DSP.elf 
arm-none-eabi-objdump -h -S  ADC_DMA_DSP.elf  > "ADC_DMA_DSP.list"
   text	   data	    bss	    dec	    hex	filename
   1796	     32	   1592	   3420	    d5c	ADC_DMA_DSP.elf
Finished building: default.size.stdout
 
Finished building: ADC_DMA_DSP.list
 
13:11:25 **** Incremental Build of configuration Debug for project ADC_DMA_DSP ****
make -j4 all 
arm-none-eabi-size   ADC_DMA_DSP.elf 
   text	   data	    bss	    dec	    hex	filename
   1796	     32	   1592	   3420	    d5c	ADC_DMA_DSP.elf
Finished building: default.size.stdout
 
13:12:16 **** Incremental Build of configuration Debug for project ADC_DMA_DSP ****
make -j4 all 
arm-none-eabi-size   ADC_DMA_DSP.elf 
   text	   data	    bss	    dec	    hex	filename
   1796	     32	   1592	   3420	    d5c	ADC_DMA_DSP.elf
Finished building: default.size.stdout
 
13:20:10 **** Incremental Build of configuration Debug for project ADC_DMA_DSP ****
make -j4 all 
arm-none-eabi-size   ADC_DMA_DSP.elf 
   text	   data	    bss	    dec	    hex	filename
   1796	     32	   1592	   3420	    d5c	ADC_DMA_DSP.elf
Finished building: default.size.stdout
 
13:24:53 **** Incremental Build of configuration Debug for project ADC_DMA_DSP ****
make -j4 all 
arm-none-eabi-size   ADC_DMA_DSP.elf 
   text	   data	    bss	    dec	    hex	filename
   1796	     32	   1592	   3420	    d5c	ADC_DMA_DSP.elf
Finished building: default.size.stdout
 
13:51:02 **** Incremental Build of configuration Debug for project ADC_DMA_DSP ****
make -j4 all 
arm-none-eabi-size   ADC_DMA_DSP.elf 
   text	   data	    bss	    dec	    hex	filename
   1796	     32	   1592	   3420	    d5c	ADC_DMA_DSP.elf
Finished building: default.size.stdout
 
13:51:19 **** Incremental Build of configuration Debug for project ADC_DMA_DSP ****
make -j4 all 
arm-none-eabi-size   ADC_DMA_DSP.elf 
   text	   data	    bss	    dec	    hex	filename
   1796	     32	   1592	   3420	    d5c	ADC_DMA_DSP.elf
Finished building: default.size.stdout
 
13:52:12 **** Incremental Build of configuration Debug for project ADC_DMA_DSP ****
make -j4 all 
arm-none-eabi-size   ADC_DMA_DSP.elf 
   text	   data	    bss	    dec	    hex	filename
   1796	     32	   1592	   3420	    d5c	ADC_DMA_DSP.elf
Finished building: default.size.stdout
 
13:55:57 **** Incremental Build of configuration Debug for project ADC_DMA_DSP ****
make -j4 all 
arm-none-eabi-size   ADC_DMA_DSP.elf 
   text	   data	    bss	    dec	    hex	filename
   1796	     32	   1592	   3420	    d5c	ADC_DMA_DSP.elf
Finished building: default.size.stdout
 
